client/contexts/ThemeContext.tsx(59,46): error TS2698: Spread types may only be created from object types.
client/pages/Downloads.tsx(5,49): error TS2305: Module '"lucide-react"' has no exported member 'Checkbox'.
client/pages/NewScan.tsx(17,19): error TS2307: Cannot find module 'axios' or its corresponding type declarations.
